
> cardgame@0.1.0 test
> node --import tsx --test tests/*.test.ts

TAP version 13
# Subtest: missing production tables and columns give an actionable schema error
ok 1 - missing production tables and columns give an actionable schema error
  ---
  duration_ms: 1.655208
  type: 'test'
  ...
# Subtest: connection and transaction failures keep the original opening recoverable
ok 2 - connection and transaction failures keep the original opening recoverable
  ---
  duration_ms: 0.353959
  type: 'test'
  ...
# Subtest: operational failures never expose secrets, SQL, stack traces or untrusted codes
ok 3 - operational failures never expose secrets, SQL, stack traces or untrusted codes
  ---
  duration_ms: 0.184
  type: 'test'
  ...
# Subtest: known business errors retain their existing code, message and status
ok 4 - known business errors retain their existing code, message and status
  ---
  duration_ms: 0.090458
  type: 'test'
  ...
# Subtest: per-set legacy slots generate exactly 6C 3UC 2R 1SR, with legitimate duplicates
ok 5 - per-set legacy slots generate exactly 6C 3UC 2R 1SR, with legitimate duplicates
  ---
  duration_ms: 1.603041
  type: 'test'
  ...
# Subtest: empty and incomplete sets fail instead of silently replacing rarities
ok 6 - empty and incomplete sets fail instead of silently replacing rarities
  ---
  duration_ms: 0.746708
  type: 'test'
  ...
# Subtest: a card from another extension is rejected, even with a similar alias
ok 7 - a card from another extension is rejected, even with a similar alias
  ---
  duration_ms: 0.131416
  type: 'test'
  ...
# Subtest: configuration rejects malformed weights, unknown fields and impossible special packs
ok 8 - configuration rejects malformed weights, unknown fields and impossible special packs
  ---
  duration_ms: 6.809
  type: 'test'
  ...
# Subtest: weighted choice boundaries and zero-weight cards
ok 9 - weighted choice boundaries and zero-weight cards
  ---
  duration_ms: 0.3175
  type: 'test'
  ...
# Subtest: configured rarity and card probabilities hold over 40000 draws
ok 10 - configured rarity and card probabilities hold over 40000 draws
  ---
  duration_ms: 133.197833
  type: 'test'
  ...
# Subtest: variants are explicit pools; standard excludes alternative, parallel and special cards
ok 11 - variants are explicit pools; standard excludes alternative, parallel and special cards
  ---
  duration_ms: 0.629208
  type: 'test'
  ...
# Subtest: special packs replace all slots; configured 10% probability and required pools verified
ok 12 - special packs replace all slots; configured 10% probability and required pools verified
  ---
  duration_ms: 75.428
  type: 'test'
  ...
# Subtest: historical God Pack retains explicit 1% occurrence with all 12 cards rare
ok 13 - historical God Pack retains explicit 1% occurrence with all 12 cards rare
  ---
  duration_ms: 0.743167
  type: 'test'
  ...
# Subtest: BoosterCard zero weights exclude cards and missing/negative values fail
ok 14 - BoosterCard zero weights exclude cards and missing/negative values fail
  ---
  duration_ms: 0.600459
  type: 'test'
  ...
# Subtest: legacy variant chances are disclosed instead of silently applied or claimed official
ok 15 - legacy variant chances are disclosed instead of silently applied or claimed official
  ---
  duration_ms: 0.207
  type: 'test'
  ...
# Subtest: every available extension in the actual read-only inventory supports its configured slots
ok 16 - every available extension in the actual read-only inventory supports its configured slots
  ---
  duration_ms: 11.77225
  type: 'test'
  ...
# Subtest: booster illustrations differ per extension, preserve configured artwork and normalize aliases
ok 17 - booster illustrations differ per extension, preserve configured artwork and normalize aliases
  ---
  duration_ms: 4.148667
  type: 'test'
  ...
# Subtest: collector distinguishes copies, unique catalogue IDs and collected alternative versions
ok 18 - collector distinguishes copies, unique catalogue IDs and collected alternative versions
  ---
  duration_ms: 2.257458
  type: 'test'
  ...
# Subtest: empty and uncollected catalogues return zero progression without fictional figures
ok 19 - empty and uncollected catalogues return zero progression without fictional figures
  ---
  duration_ms: 0.509375
  type: 'test'
  ...
# Subtest: visual effects use real variant metadata before configurable rarity names
ok 20 - visual effects use real variant metadata before configurable rarity names
  ---
  duration_ms: 0.20575
  type: 'test'
  ...
# Subtest: deck UI blocks unowned copies, incompatible colors, missing leader and copies across variants
ok 21 - deck UI blocks unowned copies, incompatible colors, missing leader and copies across variants
  ---
  duration_ms: 0.375541
  type: 'test'
  ...
# Subtest: deck analytics count quantities and exclude the leader from costs/types/colors
ok 22 - deck analytics count quantities and exclude the leader from costs/types/colors
  ---
  duration_ms: 0.195333
  type: 'test'
  ...
# Subtest: client deck rules reuse the server validator for a complete 1 plus 50 deck
ok 23 - client deck rules reuse the server validator for a complete 1 plus 50 deck
  ---
  duration_ms: 0.256125
  type: 'test'
  ...
# Subtest: extension families accept real hyphenated and compact codes without guessing unknown labels
ok 24 - extension families accept real hyphenated and compact codes without guessing unknown labels
  ---
  duration_ms: 0.661958
  type: 'test'
  ...
# Subtest: families reflect only catalogue entries, deduplicated and ordered
ok 25 - families reflect only catalogue entries, deduplicated and ordered
  ---
  duration_ms: 0.545916
  type: 'test'
  ...
# Subtest: legal 50-card deck with bilingual colors
ok 26 - legal 50-card deck with bilingual colors
  ---
  duration_ms: 0.957792
  type: 'test'
  ...
# Subtest: reject invalid quantities and names
ok 27 - reject invalid quantities and names
  ---
  duration_ms: 2.212792
  type: 'test'
  ...
# Subtest: reject forged leader, colors, unknown and duplicate IDs
ok 28 - reject forged leader, colors, unknown and duplicate IDs
  ---
  duration_ms: 0.172416
  type: 'test'
  ...
# Subtest: alternate arts share the four-copy cap
ok 29 - alternate arts share the four-copy cap
  ---
  duration_ms: 0.205625
  type: 'test'
  ...
# Subtest: bcrypt password limit uses bytes
ok 30 - bcrypt password limit uses bytes
  ---
  duration_ms: 0.10925
  type: 'test'
  ...
# Subtest: rate limit and login lock
ok 31 - rate limit and login lock
  ---
  duration_ms: 0.152166
  type: 'test'
  ...
# Subtest: configured captcha rejects missing token and secret
ok 32 - configured captcha rejects missing token and secret
  ---
  duration_ms: 0.203833
  type: 'test'
  ...
# Subtest: playing characters preserves summoning sickness and enforces turn and field cap
ok 33 - playing characters preserves summoning sickness and enforces turn and field cap
  ---
  duration_ms: 0.430208
  type: 'test'
  ...
# Subtest: collection colors normalize case, language and dual-color order
ok 34 - collection colors normalize case, language and dual-color order
  ---
  duration_ms: 0.649792
  type: 'test'
  ...
1..34
# tests 34
# suites 0
# pass 34
# fail 0
# cancelled 0
# skipped 0
# todo 0
# duration_ms 711.747209
