{
  "scope": "Conversion locale seulement ; aucune attribution, aucune écriture SQL. Images distantes non vérifiées, autorisation de publication à confirmer.",
  "variants": 4179,
  "distinctNumbers": 2667,
  "frenchCompleteVariants": 4033,
  "readyVariants": 3786,
  "readyDistinctNumbers": 2523,
  "provisionalReadyVariants": 3786,
  "fullyVerifiedReadyVariants": 0,
  "blockedVariants": 393,
  "reasons": {
    "fr_missing:ability": 139,
    "fr_missing:effect": 133,
    "fr_missing:trigger": 11,
    "unknown_required_cost": 93,
    "unresolved_numeric_conflict": 157
  }
}
{
  "mode": "applied-local",
  "files": 13,
  "sourceVariants": 1049,
  "insertable": 93,
  "existingPreserved": 956,
  "blocked": 0,
  "missingCardSets": [
    "OP-13",
    "OP-16",
    "OP-17",
    "OP14-EB04",
    "OP15-EB04",
    "ST-29",
    "ST-30",
    "ST-31",
    "ST-32",
    "ST-33",
    "ST-34",
    "ST-35",
    "ST-36"
  ],
  "cardSetsCreated": 0,
  "existingCardsUpdated": 0,
  "userRowsModified": 0,
  "protectedBefore": "fe0fa38881dae03ee82196603dfba9437b555f4b828777ef012effe9e8e5a6ce",
  "protectedAfter": "fe0fa38881dae03ee82196603dfba9437b555f4b828777ef012effe9e8e5a6ce",
  "inserted": 93,
  "cardsBefore": 3981,
  "cardsAfter": 4074
}
