{
  name: 'Credentials login, persistent session and private overview ownership',
  status: 'PASS',
  detail: 'Assertions passed'
}
{
  name: 'Reference sidebar dashboard uses real statistics and no placeholder figures',
  status: 'PASS',
  detail: 'Assertions passed'
}
{
  name: 'Global card code search, binder filters, list toggle, reset and favorites persistence',
  status: 'FAIL',
  detail: 'Expected values to be strictly equal:\n\n1 !== 0\n'
}
{
  name: 'Missing cards, rarity/color facets, variants and immersive card details',
  status: 'FAIL',
  detail: 'locator.selectOption: Timeout 20000ms exceeded.\n' +
    'Call log:\n' +
    "\x1B[2m  - waiting for getByLabel('Afficher', { exact: true })\x1B[22m\n"
}
{
  name: 'Booster carousel selection and empty extension remain explicit',
  status: 'FAIL',
  detail: 'Expected "actual" to be strictly unequal to:\n' +
    '\n' +
    "'Booster Alias collision fixture'"
}
{
  name: 'Deck builder leader, quantity limit, 50 cards, chart and real server save',
  status: 'PASS',
  detail: 'Assertions passed'
}
{
  name: 'Saved deck loads, updates version, activates and remains private',
  status: 'FAIL',
  detail: 'locator.waitFor: Timeout 20000ms exceeded.\n' +
    'Call log:\n' +
    "\x1B[2m  - waiting for getByText('Deck actif mis à jour.', { exact: true }) to be visible\x1B[22m\n"
}
{
  name: 'Concurrent replay on secure opening is credited exactly once',
  status: 'PASS',
  detail: 'Assertions passed'
}
{
  name: 'Dedicated history receipt and new/duplicate cards are read only',
  status: 'PASS',
  detail: 'Assertions passed'
}
{
  name: 'Profile display settings persist and session remains active',
  status: 'PASS',
  detail: 'Assertions passed'
}
{
  name: 'Cinematic skips, resumes a receipt after refresh and never credits via animation',
  status: 'PASS',
  detail: 'Assertions passed'
}
{
  name: 'Responsive navigation, card grid and scroll 1440px',
  status: 'PASS',
  detail: 'Assertions passed'
}
{
  name: 'Responsive navigation, card grid and scroll 820px',
  status: 'PASS',
  detail: 'Assertions passed'
}
{
  name: 'Responsive navigation, card grid and scroll 390px',
  status: 'PASS',
  detail: 'Assertions passed'
}
{
  name: 'Reduced motion demo and visual keyboard controls require no WebGL',
  status: 'FAIL',
  detail: 'Expected values to be strictly equal:\n\n1 !== 0\n'
}
{
  name: 'Deck deletion requires explicit confirmation and preserves owned cards',
  status: 'PASS',
  detail: 'Assertions passed'
}
{
  name: 'Private pages redirect unauthenticated visitors and empty collection is explicit',
  status: 'PASS',
  detail: 'Assertions passed'
}
{
  name: 'Network error state can retry safely',
  status: 'PASS',
  detail: 'Assertions passed'
}
{
  name: 'Logout clears the session and protects private pages',
  status: 'FAIL',
  detail: 'apiRequestContext.get: Invalid URL'
}
{
  name: 'No browser JavaScript errors across collector routes',
  status: 'PASS',
  detail: 'Assertions passed'
}
