
> cardgame@0.1.0 test:boosters:integration
> node --import tsx --test tests/boosters.integration.ts

TAP version 13
# Subtest: catalog explicitly distinguishes eligible, empty and incomplete extensions
ok 1 - catalog explicitly distinguishes eligible, empty and incomplete extensions
  ---
  duration_ms: 255.557792
  type: 'test'
  ...
# Subtest: server draw atomically persists ordered cards, receipt and exact collection quantities
ok 2 - server draw atomically persists ordered cards, receipt and exact collection quantities
  ---
  duration_ms: 71.226125
  type: 'test'
  ...
# Subtest: 10 concurrent requests with the same key produce exactly one opening and one credit
ok 3 - 10 concurrent requests with the same key produce exactly one opening and one credit
  ---
  duration_ms: 113.467666
  type: 'test'
  ...
# Subtest: 8 concurrent distinct operations credit every opening without lost increments
ok 4 - 8 concurrent distinct operations credit every opening without lost increments
  ---
  duration_ms: 272.915291
  type: 'test'
  ...
# Subtest: unknown users, empty and incomplete sets never receive cards or opening records
ok 5 - unknown users, empty and incomplete sets never receive cards or opening records
  ---
  duration_ms: 44.38075
  type: 'test'
  ...
# Subtest: history is owned, immutable across card edits, and no longer cascades on card deletion
ok 6 - history is owned, immutable across card edits, and no longer cascades on card deletion
  ---
  duration_ms: 107.709125
  type: 'test'
  ...
# Subtest: an injected collection failure rolls back the entire opening; the same key then succeeds
ok 7 - an injected collection failure rolls back the entire opening; the same key then succeeds
  ---
  duration_ms: 70.213416
  type: 'test'
  ...
# Subtest: a price requirement is rejected rather than inventing a payment or ignoring it
ok 8 - a price requirement is rejected rather than inventing a payment or ignoring it
  ---
  duration_ms: 14.22875
  type: 'test'
  ...
# Subtest: legacy history is readable without retroactive credit or guessed duplicate state
ok 9 - legacy history is readable without retroactive credit or guessed duplicate state
  ---
  duration_ms: 9.73025
  type: 'test'
  ...
# Subtest: BoosterCard configured weights control eligibility and reject foreign-set links
ok 10 - BoosterCard configured weights control eligibility and reject foreign-set links
  ---
  duration_ms: 33.45375
  type: 'test'
  ...
# Subtest: operation keys are scoped to the user and exact extensions cannot collide through aliases
ok 11 - operation keys are scoped to the user and exact extensions cannot collide through aliases
  ---
  duration_ms: 93.350375
  type: 'test'
  ...
1..11
# tests 11
# suites 0
# pass 11
# fail 0
# cancelled 0
# skipped 0
# todo 0
# duration_ms 1480.075834
